// Jest Snapshot v1, https://goo.gl/fbAQLP

exports[`Title component Matches the snapshot 1`] = `
<div
  data-testid="title"
>
  <h2 />
</div>
`;
